app/dashboard/page.tsx(35,47): error TS2554: Expected 0 arguments, but got 1.
